  ╭─────────────────────────────╮    
  │ ▾ Tool: read_file (pending) │    
  ╰─────────────────────────────╯    
                                     
  ╭──────────────────────────────────╮    
  │                                  │    
  │ Arguments: {"path": "/tmp/test"} │    
  │                                  │    
  ╰──────────────────────────────────╯    
                                          