                                                                                
 ╭───────────────────╮                                                          
 │ simulated failure │                                                          
 ╰───────────────────╯                                                          
                                                                                
╭──────────────────────────────────────────────────────────────────────────────╮
│ ┃ Type a message... (Enter to send, Alt+Enter/Shift+Enter/Ctrl+J for         │
│ ┃ newline)                                                                   │
│ ┃                                                                            │
│ ┃                                                                            │
│ ┃                                                                            │
│ ┃                                                                            │
╰──────────────────────────────────────────────────────────────────────────────╯
 AUTO  kimi-k2.5  tmp                                  12:00 enter: send message
 error                                                                          