 ╭───────╮                                                                      
 │ Error │                                                                      
 ╰───────╯                                                                      
                                                                                
 ╭───────────────────╮                                                          
 │ simulated failure │                                                          
 ╰───────────────────╯                                                          
                                                                                
                                                                                
                                                                                
                                                                                
                                                                                
                                                                                
                                                                                
                                                                                
╭──────────────────────────────────────────────────────────────────────────────╮
│ ┃ Type a message... (Enter to send, Alt+Enter for newline)                   │
│ ┃                                                                            │
│ ┃                                                                            │
│ ┃                                                                            │
│ ┃                                                                            │
│ ┃                                                                            │
╰──────────────────────────────────────────────────────────────────────────────╯
   kimi-k2.5   [error]                                                          