 ╭───────╮                                                                      
 │ Error │                                                                      
 ╰───────╯                                                                      
                                                                                
 ╭───────────────────╮                                                          
 │ simulated failure │                                                          
 ╰───────────────────╯                                                          
                                                                                
                                                                                
                                                                                
                                                                                
                                                                                
                                                                                
                                                                                
╭──────────────────────────────────────────────────────────────────────────────╮
│ ┃ Type a message... (Enter to send, Alt+Enter for newline)                   │
│ ┃                                                                            │
│ ┃                                                                            │
│ ┃                                                                            │
│ ┃                                                                            │
│ ┃                                                                            │
╰──────────────────────────────────────────────────────────────────────────────╯
 AUTO  kimi-k2.5  tmp/golden                                shift+tab: plan mode
 error                                                                          