╭──────────────────────────────────────────────────────────────────────────╮
│                                                                          │
│  Welcome to Kimi Code!                                                   │
│  Send /help for help info.                                               │
│                                                                          │
│  Directory: /tmp                                                         │
│  Session:   test                                                         │
│  Model:     kimi-k2.5                                                    │
│  Version:   (devel)                                                      │
│                                                                          │
╰──────────────────────────────────────────────────────────────────────────╯
                                                                            
                                                                                
                                                                                
                                                                                
                                                                                
                                                                                
  ⣾  running tools... 
                      
╭──────────────────────────────────────────────────────────────────────────────╮
│ ┃ Type a message... (Enter to send, Alt+Enter/Shift+Enter/Ctrl+J for         │
│ ┃ newline)                                                                   │
│ ┃                                                                            │
│ ┃                                                                            │
│ ┃                                                                            │
│ ┃                                                                            │
╰──────────────────────────────────────────────────────────────────────────────╯
 AUTO  kimi-k2.5  tmp                                  12:00 enter: send message
 tools: 3  tools                                                                