                                                                                
                                                                                
                                                                                
                                                                                
                                                                                
                                                                                
                                                                                
                  ╔═════════════════════════════════════════╗                   
                  ║                                         ║                   
                  ║  Tool call requires approval            ║                   
                  ║                                         ║                   
                  ║  Tool: read_file                        ║                   
                  ║  Arguments: {"path":"foo.txt"}          ║                   
                  ║                                         ║                   
╭─────────────────║  [y] yes  [n] no  [a] always  [d] diff  ║──────────────────╮
│ ┃ Type a message║                                         ║                  │
│ ┃               ╚═════════════════════════════════════════╝                  │
│ ┃                                                                            │
│ ┃                                                                            │
│ ┃                                                                            │
│ ┃                                                                            │
╰──────────────────────────────────────────────────────────────────────────────╯
 AUTO  kimi-k2.5  tmp/golden                                shift+tab: plan mode
 approval                                                                       