╭──────────────────────────────────────────────────────────────────────────╮
│                                                                          │
│  Welcome to Kimi Code!                                                   │
│  Send /help for help info.                                               │
│                                                                          │
│  Directory: /tmp                                                         │
│  Session:   test                                                         │
│  Model:     kimi-k2.5                                                    │
│  Version:   0.5.0-dev                                                    │
│                                                                          │
╰──────────────────────────────────────────────────────────────────────────╯
                                                                            
                                                                                
                                                                                
                                                                                
                                                                                
                                                                                
  ⣾  running tools... 
                      
╭──────────────────────────────────────────────────────────────────────────────╮
│ ┃ Type a message... (Enter to send, Alt+Enter for newline)                   │
│ ┃                                                                            │
│ ┃                                                                            │
│ ┃                                                                            │
│ ┃                                                                            │
│ ┃                                                                            │
╰──────────────────────────────────────────────────────────────────────────────╯
 AUTO  kimi-k2.5  tmp                                        enter: send message
 tools                                                                          