                                                                                
                                                                                
                                                                                
                                                                                
                                                                                
                                                                                
                                                                                
                  ╔═════════════════════════════════════════╗                   
                  ║                                         ║                   
                  ║  Tool call requires approval            ║                   
                  ║                                         ║                   
                  ║  Tool: read_file                        ║                   
                  ║  Arguments: {"path":"foo.txt"}          ║                   
                  ║                                         ║                   
                  ║  [y] yes  [n] no  [a] always  [d] diff  ║                   
╭─────────────────║                                         ║──────────────────╮
│ ┃ Type a message╚═════════════════════════════════════════╝                  │
│ ┃                                                                            │
│ ┃                                                                            │
│ ┃                                                                            │
│ ┃                                                                            │
│ ┃                                                                            │
╰──────────────────────────────────────────────────────────────────────────────╯
   kimi-k2.5   [approval]                                                       